// Vitest Snapshot v1, https://vitest.dev/guide/snapshot.html

exports[`template > renders default 1`] = `
"<li class=\\"nav-item\\">
  <!-- @slot Displays the content of the nav item -->
</li>"
`;
