// Vitest Snapshot v1, https://vitest.dev/guide/snapshot.html

exports[`template > renders default 1`] = `
"<ul class=\\"list-group\\">
  <!-- @slot Displays the content of the list group -->
</ul>"
`;
