// Vitest Snapshot v1, https://vitest.dev/guide/snapshot.html

exports[`template > renders default 1`] = `
"<div class=\\"container\\">
  <!-- @slot Displays content inside the container -->
</div>"
`;
