// Jest Snapshot v1, https://goo.gl/fbAQLP

exports[`template renders default 1`] = `"<input-group-stub size=\\"md\\"></input-group-stub>"`;
