// Vitest Snapshot v1, https://vitest.dev/guide/snapshot.html

exports[`template > renders default 1`] = `
"<li class=\\"breadcrumb-item\\">
  <!-- @slot Displays content inside the breadcrumb item -->
</li>"
`;
