// Vitest Snapshot v1, https://vitest.dev/guide/snapshot.html

exports[`template > renders default 1`] = `
"<div>
  <!-- @slot Displays the content of the tooltip -->
</div>"
`;
