// Vitest Snapshot v1, https://vitest.dev/guide/snapshot.html

exports[`template > renders default 1`] = `
"<div class=\\"col\\">
  <!-- @slot Displays content inside the col -->
</div>"
`;
