// Vitest Snapshot v1, https://vitest.dev/guide/snapshot.html

exports[`template > renders default 1`] = `"<input class=\\"form-control form-control-md\\" placeholder=\\"\\" type=\\"text\\">"`;
