// Vitest Snapshot v1, https://vitest.dev/guide/snapshot.html

exports[`template > renders default 1`] = `"<div class=\\"spinner-border-md spinner-border text-primary\\"></div>"`;
