// Jest Snapshot v1, https://goo.gl/fbAQLP

exports[`template renders default 1`] = `
"<label class=\\"form-control\\" for=\\"dont-change-please\\">
  <ul class=\\"list-unstyled d-flex align-content-start flex-wrap mb-0\\">
    <li class=\\"form-pill d-inline-flex align-items-center mw-100\\">
      <div class=\\"form-pill-text\\">aa</div>
      <div class=\\"form-pill-remove\\"></div>
    </li>
    <li class=\\"form-pill d-inline-flex align-items-center mw-100\\">
      <div class=\\"form-pill-text\\">bb</div>
      <div class=\\"form-pill-remove\\"></div>
    </li>
    <li class=\\"form-pill d-inline-flex align-items-center mw-100\\">
      <div class=\\"form-pill-text\\">cc</div>
      <div class=\\"form-pill-remove\\"></div>
    </li>
    <li class=\\"form-pill-input-item\\">
      <div class=\\"form-pill-input-sizer overflow-hidden\\"></div><input id=\\"dont-change-please\\" class=\\"form-pill-input w-100\\" type=\\"text\\" placeholder=\\"\\">
    </li>
  </ul>
</label>"
`;
