// Vitest Snapshot v1, https://vitest.dev/guide/snapshot.html

exports[`template > renders default 1`] = `
"<nav class=\\"nav\\">
  <!-- @slot Displays the content of the nav -->
</nav>"
`;
