// Jest Snapshot v1, https://goo.gl/fbAQLP

exports[`template renders default 1`] = `"<button-stub outline=\\"false\\" disabled=\\"false\\" tag=\\"button\\" size=\\"md\\" variant=\\"primary\\"></button-stub>"`;
