// Vitest Snapshot v1, https://vitest.dev/guide/snapshot.html

exports[`template > renders default 1`] = `
"<div class=\\"alert alert-primary\\">
  <!-- @slot Displays content inside the alert -->
</div>"
`;
