// Jest Snapshot v1, https://goo.gl/fbAQLP

exports[`template renders default 1`] = `
"<div id=\\"dont-change-please\\" class=\\"carousel slide\\" data-bs-interval=\\"5000\\" data-bs-ride=\\"carousel\\">
  <div class=\\"carousel-inner\\">
    <div class=\\"carousel-item\\"><img src=\\"https://placekitten.com/200/200\\" class=\\"d-block w-100\\">
      <div class=\\"carousel-caption d-none d-md-block\\">
        <h5>Kitten #1</h5>
        <!--v-if-->
      </div>
    </div>
    <div class=\\"carousel-item active\\"><img src=\\"https://placekitten.com/200/200\\" class=\\"d-block w-100\\">
      <div class=\\"carousel-caption d-none d-md-block\\">
        <h5>Kitten #2</h5>
        <!--v-if-->
      </div>
    </div>
    <div class=\\"carousel-item\\" data-bs-interval=\\"1000\\"><img src=\\"https://placekitten.com/200/200\\" class=\\"d-block w-100\\">
      <div class=\\"carousel-caption d-none d-md-block\\">
        <h5>Kitten #3</h5>
        <!--v-if-->
      </div>
    </div>
  </div>
  <div><button class=\\"carousel-control-prev\\" data-bs-target=\\"#dont-change-please\\" data-bs-slide=\\"prev\\"><span class=\\"carousel-control-prev-icon\\"></span></button><button class=\\"carousel-control-next\\" data-bs-target=\\"#dont-change-please\\" data-bs-slide=\\"next\\"><span class=\\"carousel-control-next-icon\\"></span></button></div>
  <div class=\\"carousel-indicators\\"><button class=\\"\\" data-bs-target=\\"#dont-change-please\\" data-bs-slide-to=\\"0\\"></button><button class=\\"active\\" data-bs-target=\\"#dont-change-please\\" data-bs-slide-to=\\"1\\"></button><button class=\\"\\" data-bs-target=\\"#dont-change-please\\" data-bs-slide-to=\\"2\\"></button></div>
</div>"
`;
