// Vitest Snapshot v1, https://vitest.dev/guide/snapshot.html

exports[`template > renders default 1`] = `
"<div class=\\"btn-group btn-group-md\\">
  <!-- @slot Displays content inside the button group -->
</div>"
`;
