// Vitest Snapshot v1, https://vitest.dev/guide/snapshot.html

exports[`template > renders default 1`] = `"<button class=\\"btn-close\\"></button>"`;
